cmdshelf: /Users/toshi0383/.cmdshelf/remote/_cmdshelf-remote/006.sh 001a 002b: No such command
